---
source: tests/render_test.rs
expression: html
input_file: tests/fixtures/complex_document.md
---
<h1 data-sourcepos="1:1-1:16"><a href="#project-readme" aria-hidden="true" class="anchor" id="project-readme"></a>Project README</h1>
<p data-sourcepos="3:1-3:67">A short description of the project with <strong data-sourcepos="3:41-3:48">bold</strong> and <em data-sourcepos="3:54-3:61">italic</em> text.</p>
<h2 data-sourcepos="5:1-5:11"><a href="#features" aria-hidden="true" class="anchor" id="features"></a>Features</h2>
<ul data-sourcepos="7:1-10:25">
<li data-sourcepos="7:1-7:22"><input type="checkbox" checked="" disabled="" /> Markdown parsing</li>
<li data-sourcepos="8:1-8:17"><input type="checkbox" checked="" disabled="" /> GFM support</li>
<li data-sourcepos="9:1-9:18"><input type="checkbox" disabled="" /> Live preview</li>
<li data-sourcepos="10:1-11:0"><input type="checkbox" disabled="" /> Syntax highlighting</li>
</ul>
<h2 data-sourcepos="12:1-12:15"><a href="#installation" aria-hidden="true" class="anchor" id="installation"></a>Installation</h2>
<pre class="syntax-highlighting"><code><span class="source shell bash"><span class="meta function-call shell"><span class="variable function shell">cargo</span></span><span class="meta function-call arguments shell"> install birta</span>
</span></code></pre>
<h2 data-sourcepos="18:1-18:8"><a href="#usage" aria-hidden="true" class="anchor" id="usage"></a>Usage</h2>
<table data-sourcepos="20:1-23:51">
<thead>
<tr data-sourcepos="20:1-20:25">
<th data-sourcepos="20:2-20:10">Command</th>
<th data-sourcepos="20:12-20:24">Description</th>
</tr>
</thead>
<tbody>
<tr data-sourcepos="22:1-22:36">
<td data-sourcepos="22:2-22:18"><code data-sourcepos="22:3-22:17">birta file.md</code></td>
<td data-sourcepos="22:20-22:35">Preview a file</td>
</tr>
<tr data-sourcepos="23:1-23:51">
<td data-sourcepos="23:2-23:30"><code data-sourcepos="23:3-23:29">birta --port 3000 file.md</code></td>
<td data-sourcepos="23:32-23:50">Use specific port</td>
</tr>
</tbody>
</table>
<h2 data-sourcepos="25:1-25:6"><a href="#api" aria-hidden="true" class="anchor" id="api"></a>API</h2>
<p data-sourcepos="27:1-27:61">The main function accepts a <code data-sourcepos="27:29-27:34">&amp;str</code> and returns rendered HTML:</p>
<pre class="syntax-highlighting"><code><span class="source rust"><span class="storage type rust">let</span> html <span class="keyword operator rust">=</span> <span class="meta path rust">birta<span class="punctuation accessor rust">::</span></span>render<span class="meta group rust"><span class="punctuation section group begin rust">(</span><span class="string quoted double rust"><span class="punctuation definition string begin rust">&quot;</span># Hello<span class="punctuation definition string end rust">&quot;</span></span></span><span class="meta group rust"><span class="punctuation section group end rust">)</span></span><span class="punctuation terminator rust">;</span>
<span class="support macro rust">assert!</span><span class="meta group rust"><span class="punctuation section group begin rust">(</span>html.<span class="support function rust">contains</span><span class="meta group rust"><span class="punctuation section group begin rust">(</span><span class="string quoted double rust"><span class="punctuation definition string begin rust">&quot;</span>&lt;h1&gt;<span class="punctuation definition string end rust">&quot;</span></span></span><span class="meta group rust"><span class="punctuation section group end rust">)</span></span></span><span class="meta group rust"><span class="punctuation section group end rust">)</span></span><span class="punctuation terminator rust">;</span>
</span></code></pre>
<h2 data-sourcepos="34:1-34:8"><a href="#notes" aria-hidden="true" class="anchor" id="notes"></a>Notes</h2>
<p data-sourcepos="36:1-36:41">This project uses comrak<sup data-sourcepos="36:25-36:28" class="footnote-ref"><a href="#fn-1" id="fnref-1" data-footnote-ref>1</a></sup> for parsing.</p>
<blockquote data-sourcepos="38:1-40:32">
<p data-sourcepos="38:3-38:32">Blockquotes are supported too.</p>
<p data-sourcepos="40:3-40:32">Even with multiple paragraphs.</p>
</blockquote>
<hr data-sourcepos="42:1-42:3" />
<p data-sourcepos="44:1-44:51">Check out <a data-sourcepos="44:11-44:29" href="https://example.com">https://example.com</a> for more information.</p>
<section data-sourcepos="46:1-46:65" class="footnotes" data-footnotes>
<ol>
<li data-sourcepos="46:1-46:65" id="fn-1">
<p data-sourcepos="46:7-46:65">Comrak is a GFM-compatible markdown parser written in Rust. <a href="#fnref-1" class="footnote-backref" data-footnote-backref data-footnote-backref-idx="1" aria-label="Back to reference 1">↩</a></p>
</li>
</ol>
</section>
