---
source: tests/render_test.rs
expression: html
input_file: tests/fixtures/math.md
---
<p data-sourcepos="1:1-1:23">Inline math: <span data-math-style="inline" data-sourcepos="1:14-1:23">E = mc^2</span></p>
<p data-sourcepos="3:1-3:13">Display math:</p>
<p data-sourcepos="5:1-7:2"><span data-math-style="display" data-sourcepos="5:1-7:2">
\int_{-\infty}^{\infty} e^{-x^2} dx = \sqrt{\pi}
</span></p>
<p data-sourcepos="9:1-9:37">Code-style inline: <code data-math-style="inline" data-sourcepos="9:20-9:37">\alpha + \beta</code></p>
<p data-sourcepos="11:1-11:19">Code-style display:</p>
<pre lang="math" data-math-style="display" data-sourcepos="13:1-15:3"><code>\sum_{i=1}^{n} i = \frac{n(n+1)}{2}
</code></pre>
<p data-sourcepos="17:1-17:52">Mixed: The equation <span data-math-style="inline" data-sourcepos="17:21-17:37">a^2 + b^2 = c^2</span> is well known.</p>
