---
source: tests/render_test.rs
expression: html
input_file: tests/fixtures/alerts.md
---
<div class="markdown-alert markdown-alert-note">
<p class="markdown-alert-title">Note</p>
<p>This is a note alert.</p>
</div>
<div class="markdown-alert markdown-alert-tip">
<p class="markdown-alert-title">Tip</p>
<p>This is a tip alert.</p>
</div>
<div class="markdown-alert markdown-alert-important">
<p class="markdown-alert-title">Important</p>
<p>This is an important alert.</p>
</div>
<div class="markdown-alert markdown-alert-warning">
<p class="markdown-alert-title">Warning</p>
<p>This is a warning alert.</p>
</div>
<div class="markdown-alert markdown-alert-caution">
<p class="markdown-alert-title">Caution</p>
<p>This is a caution alert.</p>
</div>
<div class="markdown-alert markdown-alert-note">
<p class="markdown-alert-title">Note</p>
<p>Alert with <strong>bold</strong>, <code>code</code>, and a <a href="https://example.com">link</a>.</p>
<ul>
<li>List item one</li>
<li>List item two</li>
</ul>
</div>
